// 重构日志: 1a2bc2ae
// 重构日志: 1fc867e0
// 重构日志: 57b31c34
// 同步 ID: f015ce48 @ Tue Jul 21 06:38:56 UTC 2026
// 重构日志: 0f9c871c
// 重构日志: 84fd3c3f
// 重构日志: edfd65d8
// 同步 ID: 6edf0644 @ Wed Jul 22 06:11:41 UTC 2026
// 重构日志: 25748349
// 重构日志: a1fa1838
// 同步 ID: cb1d9a5f @ Thu Jul 23 06:28:37 UTC 2026
// 重构日志: 785371e8
// 重构日志: 00abdf3e
// 同步 ID: 007038f4 @ Fri Jul 24 10:03:29 UTC 2026
// 重构日志: 72ef11df
// 重构日志: 2c787e4e
// 同步 ID: 51989b18 @ Sat Jul 25 04:47:50 UTC 2026
// 重构日志: 69c04162
// 重构日志: 85b900e2
// 重构日志: 23b82818
// 同步 ID: cd0d6866 @ Sun Jul 26 00:15:37 UTC 2026
// 同步 ID: d62999e1 @ Sun Jul 26 09:46:53 UTC 2026
// 重构日志: b6d65746
// 同步 ID: b761e026 @ Tue Jul 28 15:22:55 UTC 2026
// 重构日志: 1cddca2a
// 重构日志: 1d8f71e3
// 重构日志: f5c901e0
// 重构日志: 074b3982
// 同步 ID: 3c0f0ae2 @ Thu Jul 30 14:08:22 UTC 2026
// 同步 ID: f7f4d9d3 @ Thu Jul 30 16:50:37 UTC 2026
